#-----------------------------------------------------------
# Vivado v2024.2 (64-bit)
# SW Build 5239630 on Fri Nov 08 22:34:34 MST 2024
# IP Build 5239520 on Sun Nov 10 16:12:51 MST 2024
# SharedData Build 5239561 on Fri Nov 08 14:39:27 MST 2024
# Start of session at: Sun Apr 27 21:06:00 2025
# Process ID         : 298016
# Current directory  : /home/martin/Documents/Digital-Scoreboard/projektDE1_final.runs/synth_1
# Command line       : vivado -log top_level.vds -product Vivado -mode batch -messageDb vivado.pb -notrace -source top_level.tcl
# Log file           : /home/martin/Documents/Digital-Scoreboard/projektDE1_final.runs/synth_1/top_level.vds
# Journal file       : /home/martin/Documents/Digital-Scoreboard/projektDE1_final.runs/synth_1/vivado.jou
# Running On         : ser6
# Platform           : Fedora
# Operating System   : Fedora Linux 42 (Workstation Edition)
# Processor Detail   : AMD Ryzen 7 7735HS with Radeon Graphics
# CPU Frequency      : 4613.040 MHz
# CPU Physical cores : 8
# CPU Logical cores  : 16
# Host memory        : 29141 MB
# Swap memory        : 8589 MB
# Total Virtual      : 37731 MB
# Available Virtual  : 22142 MB
#-----------------------------------------------------------
source top_level.tcl -notrace
